.\venv\Scripts\python : 
Traceback (most recent call 
last):
At line:1 char:1
+ .\venv\Scripts\python 
test_signup.py > 
test_output.txt 2>&1
+ ~~~~~~~~~~~~~~~~~~~~~~~~~~~
~~~~~~~~~~~~~~~~~~~~~~~~~~~~~
~~~
    + CategoryInfo           
   : NotSpecified: (Traceba  
  ck (most recent call las   
 t)::String) [], RemoteEx    
ception
    + FullyQualifiedErrorId  
   : NativeCommandError
 
  File "asyncpg/protocol/prep
ared_stmt.pyx", line 175, in 
asyncpg.protocol.protocol.Pre
paredStatementState._encode_b
ind_msg
  File "asyncpg/protocol/code
cs/base.pyx", line 251, in as
yncpg.protocol.protocol.Codec
.encode
  File "asyncpg/protocol/code
cs/base.pyx", line 153, in as
yncpg.protocol.protocol.Codec
.encode_scalar
  File "asyncpg/pgproto/codec
s/datetime.pyx", line 152, 
in asyncpg.pgproto.pgproto.ti
mestamp_encode
TypeError: can't subtract 
offset-naive and 
offset-aware datetimes

The above exception was the 
direct cause of the 
following exception:

Traceback (most recent call 
last):
  File "C:\Users\ss969\Deskto
p\cam\backend\venv\Lib\site-p
ackages\sqlalchemy\dialects\p
ostgresql\asyncpg.py", line 
550, in _prepare_and_execute
    self._rows = deque(await 
prepared_stmt.fetch(*paramete
rs))
                       ^^^^^^
^^^^^^^^^^^^^^^^^^^^^^^^^^^^^
^^^
  File "C:\Users\ss969\Deskto
p\cam\backend\venv\Lib\site-p
ackages\asyncpg\prepared_stmt
.py", line 177, in fetch
    data = await 
self.__bind_execute(args, 0, 
timeout)
           ^^^^^^^^^^^^^^^^^^
^^^^^^^^^^^^^^^^^^^^^^^^^
  File "C:\Users\ss969\Deskto
p\cam\backend\venv\Lib\site-p
ackages\asyncpg\prepared_stmt
.py", line 268, in 
__bind_execute
    data, status, _ = await 
self.__do_execute(
                      
^^^^^^^^^^^^^^^^^^^^^^^^
        lambda protocol: 
protocol.bind_execute(
        ^^^^^^^^^^^^^^^^^^^^^
^^^^^^^^^^^^^^^^^^
            self._state, 
args, '', limit, True, 
timeout))
            ^^^^^^^^^^^^^^^^^
^^^^^^^^^^^^^^^^^^^^^^^^^^^^
  File "C:\Users\ss969\Deskto
p\cam\backend\venv\Lib\site-p
ackages\asyncpg\prepared_stmt
.py", line 257, in 
__do_execute
    return await 
executor(protocol)
           
^^^^^^^^^^^^^^^^^^^^^^^^
  File "asyncpg/protocol/prot
ocol.pyx", line 184, in 
bind_execute
  File "asyncpg/protocol/prep
ared_stmt.pyx", line 204, in 
asyncpg.protocol.protocol.Pre
paredStatementState._encode_b
ind_msg
asyncpg.exceptions.DataError:
 invalid input for query 
argument $8: 
datetime.datetime(2026, 3, 
14, 7, 8, 31,... (can't 
subtract offset-naive and 
offset-aware datetimes)

The above exception was the 
direct cause of the 
following exception:

Traceback (most recent call 
last):
  File "C:\Users\ss969\Deskto
p\cam\backend\venv\Lib\site-p
ackages\sqlalchemy\engine\bas
e.py", line 1967, in 
_exec_single_context
    self.dialect.do_execute(
    ~~~~~~~~~~~~~~~~~~~~~~~^
        cursor, 
str_statement, 
effective_parameters, context
        ^^^^^^^^^^^^^^^^^^^^^
^^^^^^^^^^^^^^^^^^^^^^^^^^^^^
^^
    )
    ^
  File "C:\Users\ss969\Deskto
p\cam\backend\venv\Lib\site-p
ackages\sqlalchemy\engine\def
ault.py", line 952, in 
do_execute
    
cursor.execute(statement, 
parameters)
    ~~~~~~~~~~~~~~^^^^^^^^^^^
^^^^^^^^^^^^
  File "C:\Users\ss969\Deskto
p\cam\backend\venv\Lib\site-p
ackages\sqlalchemy\dialects\p
ostgresql\asyncpg.py", line 
585, in execute
    self._adapt_connection.aw
ait_(
    ~~~~~~~~~~~~~~~~~~~~~~~~~
~~~~^
        self._prepare_and_exe
cute(operation, parameters)
        ^^^^^^^^^^^^^^^^^^^^^
^^^^^^^^^^^^^^^^^^^^^^^^^^^
    )
    ^
  File "C:\Users\ss969\Deskto
p\cam\backend\venv\Lib\site-p
ackages\sqlalchemy\util\_conc
urrency_py3k.py", line 132, 
in await_only
    return current.parent.swi
tch(awaitable)  # type: ignor
e[no-any-return,attr-defined]
 # noqa: E501
           ~~~~~~~~~~~~~~~~~~
~~~^^^^^^^^^^^
  File "C:\Users\ss969\Deskto
p\cam\backend\venv\Lib\site-p
ackages\sqlalchemy\util\_conc
urrency_py3k.py", line 196, 
in greenlet_spawn
    value = await result
            ^^^^^^^^^^^^
  File "C:\Users\ss969\Deskto
p\cam\backend\venv\Lib\site-p
ackages\sqlalchemy\dialects\p
ostgresql\asyncpg.py", line 
563, in _prepare_and_execute
    
self._handle_exception(error)
    
~~~~~~~~~~~~~~~~~~~~~~^^^^^^^
  File "C:\Users\ss969\Deskto
p\cam\backend\venv\Lib\site-p
ackages\sqlalchemy\dialects\p
ostgresql\asyncpg.py", line 
513, in _handle_exception
    self._adapt_connection._h
andle_exception(error)
    ~~~~~~~~~~~~~~~~~~~~~~~~~
~~~~~~~~~~~~~~~^^^^^^^
  File "C:\Users\ss969\Deskto
p\cam\backend\venv\Lib\site-p
ackages\sqlalchemy\dialects\p
ostgresql\asyncpg.py", line 
797, in _handle_exception
    raise translated_error 
from error
sqlalchemy.dialects.postgresq
l.asyncpg.AsyncAdapt_asyncpg_
dbapi.Error: <class 'asyncpg.
exceptions.DataError'>: 
invalid input for query 
argument $8: 
datetime.datetime(2026, 3, 
14, 7, 8, 31,... (can't 
subtract offset-naive and 
offset-aware datetimes)

The above exception was the 
direct cause of the 
following exception:

Traceback (most recent call 
last):
  File "C:\Users\ss969\Deskto
p\cam\backend\test_signup.py"
, line 44, in test
    await db.commit()
  File "C:\Users\ss969\Deskto
p\cam\backend\venv\Lib\site-p
ackages\sqlalchemy\ext\asynci
o\session.py", line 1000, in 
commit
    await greenlet_spawn(self
.sync_session.commit)
  File "C:\Users\ss969\Deskto
p\cam\backend\venv\Lib\site-p
ackages\sqlalchemy\util\_conc
urrency_py3k.py", line 203, 
in greenlet_spawn
    result = 
context.switch(value)
  File "C:\Users\ss969\Deskto
p\cam\backend\venv\Lib\site-p
ackages\sqlalchemy\orm\sessio
n.py", line 2030, in commit
    
trans.commit(_to_root=True)
    
~~~~~~~~~~~~^^^^^^^^^^^^^^^
  File "<string>", line 2, 
in commit
  File "C:\Users\ss969\Deskto
p\cam\backend\venv\Lib\site-p
ackages\sqlalchemy\orm\state_
changes.py", line 137, in _go
    ret_value = fn(self, 
*arg, **kw)
  File "C:\Users\ss969\Deskto
p\cam\backend\venv\Lib\site-p
ackages\sqlalchemy\orm\sessio
n.py", line 1311, in commit
    self._prepare_impl()
    ~~~~~~~~~~~~~~~~~~^^
  File "<string>", line 2, 
in _prepare_impl
  File "C:\Users\ss969\Deskto
p\cam\backend\venv\Lib\site-p
ackages\sqlalchemy\orm\state_
changes.py", line 137, in _go
    ret_value = fn(self, 
*arg, **kw)
  File "C:\Users\ss969\Deskto
p\cam\backend\venv\Lib\site-p
ackages\sqlalchemy\orm\sessio
n.py", line 1286, in 
_prepare_impl
    self.session.flush()
    ~~~~~~~~~~~~~~~~~~^^
  File "C:\Users\ss969\Deskto
p\cam\backend\venv\Lib\site-p
ackages\sqlalchemy\orm\sessio
n.py", line 4331, in flush
    self._flush(objects)
    ~~~~~~~~~~~^^^^^^^^^
  File "C:\Users\ss969\Deskto
p\cam\backend\venv\Lib\site-p
ackages\sqlalchemy\orm\sessio
n.py", line 4466, in _flush
    with util.safe_reraise():
         ~~~~~~~~~~~~~~~~~^^
  File "C:\Users\ss969\Deskto
p\cam\backend\venv\Lib\site-p
ackages\sqlalchemy\util\langh
elpers.py", line 121, in 
__exit__
    raise exc_value.with_trac
eback(exc_tb)
  File "C:\Users\ss969\Deskto
p\cam\backend\venv\Lib\site-p
ackages\sqlalchemy\orm\sessio
n.py", line 4427, in _flush
    flush_context.execute()
    ~~~~~~~~~~~~~~~~~~~~~^^
  File "C:\Users\ss969\Deskto
p\cam\backend\venv\Lib\site-p
ackages\sqlalchemy\orm\unitof
work.py", line 466, in 
execute
    rec.execute(self)
    ~~~~~~~~~~~^^^^^^
  File "C:\Users\ss969\Deskto
p\cam\backend\venv\Lib\site-p
ackages\sqlalchemy\orm\unitof
work.py", line 642, in 
execute
    util.preloaded.orm_persis
tence.save_obj(
    ~~~~~~~~~~~~~~~~~~~~~~~~~
~~~~~~~~~~~~~~^
        self.mapper,
        ^^^^^^^^^^^^
        uow.states_for_mapper
_hierarchy(self.mapper, 
False, False),
        ^^^^^^^^^^^^^^^^^^^^^
^^^^^^^^^^^^^^^^^^^^^^^^^^^^^
^^^^^^^^^
        uow,
        ^^^^
    )
    ^
  File "C:\Users\ss969\Deskto
p\cam\backend\venv\Lib\site-p
ackages\sqlalchemy\orm\persis
tence.py", line 93, in 
save_obj
    _emit_insert_statements(
    ~~~~~~~~~~~~~~~~~~~~~~~^
        base_mapper,
        ^^^^^^^^^^^^
    ...<3 lines>...
        insert,
        ^^^^^^^
    )
    ^
  File "C:\Users\ss969\Deskto
p\cam\backend\venv\Lib\site-p
ackages\sqlalchemy\orm\persis
tence.py", line 1048, in 
_emit_insert_statements
    result = 
connection.execute(
        statement, 
multiparams, execution_option
s=execution_options
    )
  File "C:\Users\ss969\Deskto
p\cam\backend\venv\Lib\site-p
ackages\sqlalchemy\engine\bas
e.py", line 1419, in execute
Tables OK
Simple query OK: 1
No existing user, creating...
Password hashed: $2b$12$K1JzTVL3RAHHL...
User added to session, committing...
ERROR: (sqlalchemy.dialects.postgresql.asyncpg.Error) <class 'asyncpg.exceptions.DataError'>: invalid input for query argument $8: datetime.datetime(2026, 3, 14, 7, 8, 31,... (can't subtract offset-naive and offset-aware datetimes)
[SQL: INSERT INTO users (id, uid, username, email, hashed_password, avatar_color, is_online, last_seen, created_at) VALUES ($1::VARCHAR, $2::VARCHAR, $3::VARCHAR, $4::VARCHAR, $5::VARCHAR, $6::VARCHAR, $7::BOOLEAN, $8::TIMESTAMP WITHOUT TIME ZONE, $9::TIMESTAMP WITHOUT TIME ZONE)]
[parameters: ('18e075e6-7108-44ae-b0f8-962b148f1a74', '364A084B', 'TestUser1', 'test1@test.com', '$2b$12$K1JzTVL3RAHHL1quG.GhSeccXZezzIT2t2it6TscCoxNlgE2EaYXG', '#6c63ff', False, datetime.datetime(2026, 3, 14, 7, 8, 31, 485580, tzinfo=datetime.timezone.utc), datetime.datetime(2026, 3, 14, 7, 8, 31, 485586, tzinfo=datetime.timezone.utc))]
(Background on this error at: https://sqlalche.me/e/20/dbapi)
    return meth(
        self,
        distilled_parameters,
        execution_options or 
NO_OPTIONS,
    )
  File "C:\Users\ss969\Deskto
p\cam\backend\venv\Lib\site-p
ackages\sqlalchemy\sql\elemen
ts.py", line 527, in 
_execute_on_connection
    return connection._execut
e_clauseelement(
           ~~~~~~~~~~~~~~~~~~
~~~~~~~~~~~~~~~^
        self, 
distilled_params, 
execution_options
        ^^^^^^^^^^^^^^^^^^^^^
^^^^^^^^^^^^^^^^^^^^
    )
    ^
  File "C:\Users\ss969\Deskto
p\cam\backend\venv\Lib\site-p
ackages\sqlalchemy\engine\bas
e.py", line 1641, in 
_execute_clauseelement
    ret = 
self._execute_context(
        dialect,
    ...<8 lines>...
        cache_hit=cache_hit,
    )
  File "C:\Users\ss969\Deskto
p\cam\backend\venv\Lib\site-p
ackages\sqlalchemy\engine\bas
e.py", line 1846, in 
_execute_context
    return 
self._exec_single_context(
           
~~~~~~~~~~~~~~~~~~~~~~~~~^
        dialect, context, 
statement, parameters
        ^^^^^^^^^^^^^^^^^^^^^
^^^^^^^^^^^^^^^^^^
    )
    ^
  File "C:\Users\ss969\Deskto
p\cam\backend\venv\Lib\site-p
ackages\sqlalchemy\engine\bas
e.py", line 1986, in 
_exec_single_context
    
self._handle_dbapi_exception(
    
~~~~~~~~~~~~~~~~~~~~~~~~~~~~^
        e, str_statement, 
effective_parameters, 
cursor, context
        ^^^^^^^^^^^^^^^^^^^^^
^^^^^^^^^^^^^^^^^^^^^^^^^^^^^
^^^^^
    )
    ^
  File "C:\Users\ss969\Deskto
p\cam\backend\venv\Lib\site-p
ackages\sqlalchemy\engine\bas
e.py", line 2363, in 
_handle_dbapi_exception
    raise sqlalchemy_exceptio
n.with_traceback(exc_info[2])
 from e
  File "C:\Users\ss969\Deskto
p\cam\backend\venv\Lib\site-p
ackages\sqlalchemy\engine\bas
e.py", line 1967, in 
_exec_single_context
    self.dialect.do_execute(
    ~~~~~~~~~~~~~~~~~~~~~~~^
        cursor, 
str_statement, 
effective_parameters, context
        ^^^^^^^^^^^^^^^^^^^^^
^^^^^^^^^^^^^^^^^^^^^^^^^^^^^
^^
    )
    ^
  File "C:\Users\ss969\Deskto
p\cam\backend\venv\Lib\site-p
ackages\sqlalchemy\engine\def
ault.py", line 952, in 
do_execute
    
cursor.execute(statement, 
parameters)
    ~~~~~~~~~~~~~~^^^^^^^^^^^
^^^^^^^^^^^^
  File "C:\Users\ss969\Deskto
p\cam\backend\venv\Lib\site-p
ackages\sqlalchemy\dialects\p
ostgresql\asyncpg.py", line 
585, in execute
    self._adapt_connection.aw
ait_(
    ~~~~~~~~~~~~~~~~~~~~~~~~~
~~~~^
        self._prepare_and_exe
cute(operation, parameters)
        ^^^^^^^^^^^^^^^^^^^^^
^^^^^^^^^^^^^^^^^^^^^^^^^^^
    )
    ^
  File "C:\Users\ss969\Deskto
p\cam\backend\venv\Lib\site-p
ackages\sqlalchemy\util\_conc
urrency_py3k.py", line 132, 
in await_only
    return current.parent.swi
tch(awaitable)  # type: ignor
e[no-any-return,attr-defined]
 # noqa: E501
           ~~~~~~~~~~~~~~~~~~
~~~^^^^^^^^^^^
  File "C:\Users\ss969\Deskto
p\cam\backend\venv\Lib\site-p
ackages\sqlalchemy\util\_conc
urrency_py3k.py", line 196, 
in greenlet_spawn
    value = await result
            ^^^^^^^^^^^^
  File "C:\Users\ss969\Deskto
p\cam\backend\venv\Lib\site-p
ackages\sqlalchemy\dialects\p
ostgresql\asyncpg.py", line 
563, in _prepare_and_execute
    
self._handle_exception(error)
    
~~~~~~~~~~~~~~~~~~~~~~^^^^^^^
  File "C:\Users\ss969\Deskto
p\cam\backend\venv\Lib\site-p
ackages\sqlalchemy\dialects\p
ostgresql\asyncpg.py", line 
513, in _handle_exception
    self._adapt_connection._h
andle_exception(error)
    ~~~~~~~~~~~~~~~~~~~~~~~~~
~~~~~~~~~~~~~~~^^^^^^^
  File "C:\Users\ss969\Deskto
p\cam\backend\venv\Lib\site-p
ackages\sqlalchemy\dialects\p
ostgresql\asyncpg.py", line 
797, in _handle_exception
    raise translated_error 
from error
sqlalchemy.exc.DBAPIError: (s
qlalchemy.dialects.postgresql
.asyncpg.Error) <class 'async
pg.exceptions.DataError'>: 
invalid input for query 
argument $8: 
datetime.datetime(2026, 3, 
14, 7, 8, 31,... (can't 
subtract offset-naive and 
offset-aware datetimes)
[SQL: INSERT INTO users (id, 
uid, username, email, 
hashed_password, 
avatar_color, is_online, 
last_seen, created_at) 
VALUES ($1::VARCHAR, 
$2::VARCHAR, $3::VARCHAR, 
$4::VARCHAR, $5::VARCHAR, 
$6::VARCHAR, $7::BOOLEAN, 
$8::TIMESTAMP WITHOUT TIME 
ZONE, $9::TIMESTAMP WITHOUT 
TIME ZONE)]
[parameters: ('18e075e6-7108-
44ae-b0f8-962b148f1a74', 
'364A084B', 'TestUser1', 
'test1@test.com', '$2b$12$K1J
zTVL3RAHHL1quG.GhSeccXZezzIT2
t2it6TscCoxNlgE2EaYXG', 
'#6c63ff', False, 
datetime.datetime(2026, 3, 
14, 7, 8, 31, 485580, tzinfo=
datetime.timezone.utc), 
datetime.datetime(2026, 3, 
14, 7, 8, 31, 485586, tzinfo=
datetime.timezone.utc))]
(Background on this error 
at: https://sqlalche.me/e/20/
dbapi)
